<?xml version="1.0" encoding="utf-8"?><testsuites><testsuite name="pytest" errors="0" failures="0" skipped="0" tests="3" time="1.038" timestamp="2024-08-12T17:48:00.652229-07:00" hostname="InvestiFi_Ali"><testcase classname="tests.integration.test_integration" name="test_add_integration" time="0.018" /><testcase classname="tests.unit.test_main" name="test_read_root" time="0.004" /><testcase classname="tests.unit.test_main" name="test_add" time="0.003" /></testsuite></testsuites>